// Jest Snapshot v1, https://goo.gl/fbAQLP

exports[`Should render Page Note Found 1`] = `
<div>
   404! - 
  <Link
    replace={false}
    to="/"
  >
    Go Home
  </Link>
</div>
`;
